  # of chess pieces on board: 0
  Game being Setup...
  ....
  ....
  ....
  ....
->setup_chess(N,1,2)
  # of chess pieces on board: 1
  Game being Setup...
  .N..
  ....
  ....
  ....
->setup_chess(Q,2,2)
  # of chess pieces on board: 2
  Game being Setup...
  .N..
  .Q..
  ....
  ....
->setup_chess(R,2,4)
  # of chess pieces on board: 3
  Game being Setup...
  .N..
  .Q.R
  ....
  ....
->setup_chess(P,3,1)
  # of chess pieces on board: 4
  Game being Setup...
  .N..
  .Q.R
  P...
  ....
->start_game
  # of chess pieces on board: 4
  Game In Progress...
  .N..
  .Q.R
  P...
  ....
->moves(2,4)
  # of chess pieces on board: 4
  Game In Progress...
  ...+
  +++R
  ...+
  ...+
->move_and_capture(2,4,2,2)
  # of chess pieces on board: 3
  Game In Progress...
  .N..
  .R..
  P...
  ....
->moves(3,1)
  # of chess pieces on board: 3
  Game In Progress...
  ....
  .+..
  P...
  ....
->move_and_capture(3,1,2,2)
  # of chess pieces on board: 2
  Game Over: You Lose!
  .N..
  .P..
  ....
  ....
->reset_game
  # of chess pieces on board: 0
  Game being Setup...
  ....
  ....
  ....
  ....
->setup_chess(N,1,2)
  # of chess pieces on board: 1
  Game being Setup...
  .N..
  ....
  ....
  ....
->setup_chess(Q,2,2)
  # of chess pieces on board: 2
  Game being Setup...
  .N..
  .Q..
  ....
  ....
->setup_chess(R,2,4)
  # of chess pieces on board: 3
  Game being Setup...
  .N..
  .Q.R
  ....
  ....
->setup_chess(P,3,1)
  # of chess pieces on board: 4
  Game being Setup...
  .N..
  .Q.R
  P...
  ....
->start_game
  # of chess pieces on board: 4
  Game In Progress...
  .N..
  .Q.R
  P...
  ....
->moves(3,1)
  # of chess pieces on board: 4
  Game In Progress...
  ....
  .+..
  P...
  ....
->move_and_capture(3,1,2,2)
  # of chess pieces on board: 3
  Game In Progress...
  .N..
  .P.R
  ....
  ....
->moves(2,4)
  # of chess pieces on board: 3
  Game In Progress...
  ...+
  +++R
  ...+
  ...+
->move_and_capture(2,4,2,2)
  # of chess pieces on board: 2
  Game In Progress...
  .N..
  .R..
  ....
  ....
->moves(2,2)
  # of chess pieces on board: 2
  Game In Progress...
  .+..
  +R++
  .+..
  .+..
->move_and_capture(2,2,1,2)
  # of chess pieces on board: 1
  Game Over: You Win!
  .R..
  ....
  ....
  ....
