  # of chess pieces on board: 0
  Game being Setup...
  ....
  ....
  ....
  ....
->setup_chess(B,1,1)
  # of chess pieces on board: 1
  Game being Setup...
  B...
  ....
  ....
  ....
->setup_chess(B,1,2)
  # of chess pieces on board: 2
  Game being Setup...
  BB..
  ....
  ....
  ....
->setup_chess(B,1,3)
  # of chess pieces on board: 3
  Game being Setup...
  BBB.
  ....
  ....
  ....
->setup_chess(B,1,4)
  # of chess pieces on board: 4
  Game being Setup...
  BBBB
  ....
  ....
  ....
->setup_chess(B,2,1)
  # of chess pieces on board: 5
  Game being Setup...
  BBBB
  B...
  ....
  ....
->setup_chess(B,2,2)
  # of chess pieces on board: 6
  Game being Setup...
  BBBB
  BB..
  ....
  ....
->setup_chess(B,2,3)
  # of chess pieces on board: 7
  Game being Setup...
  BBBB
  BBB.
  ....
  ....
->setup_chess(B,2,4)
  # of chess pieces on board: 8
  Game being Setup...
  BBBB
  BBBB
  ....
  ....
->setup_chess(B,3,1)
  # of chess pieces on board: 9
  Game being Setup...
  BBBB
  BBBB
  B...
  ....
->setup_chess(B,3,2)
  # of chess pieces on board: 10
  Game being Setup...
  BBBB
  BBBB
  BB..
  ....
->setup_chess(B,3,3)
  # of chess pieces on board: 11
  Game being Setup...
  BBBB
  BBBB
  BBB.
  ....
->setup_chess(B,3,4)
  # of chess pieces on board: 12
  Game being Setup...
  BBBB
  BBBB
  BBBB
  ....
->setup_chess(B,4,1)
  # of chess pieces on board: 13
  Game being Setup...
  BBBB
  BBBB
  BBBB
  B...
->setup_chess(B,4,2)
  # of chess pieces on board: 14
  Game being Setup...
  BBBB
  BBBB
  BBBB
  BB..
->setup_chess(B,4,3)
  # of chess pieces on board: 15
  Game being Setup...
  BBBB
  BBBB
  BBBB
  BBB.
->setup_chess(B,4,4)
  # of chess pieces on board: 16
  Game being Setup...
  BBBB
  BBBB
  BBBB
  BBBB
->start_game
  # of chess pieces on board: 16
  Game In Progress...
  BBBB
  BBBB
  BBBB
  BBBB
->moves(1,1)
  # of chess pieces on board: 16
  Game In Progress...
  B...
  .+..
  ..+.
  ...+
->moves(1,2)
  # of chess pieces on board: 16
  Game In Progress...
  .B..
  +.+.
  ...+
  ....
->moves(1,3)
  # of chess pieces on board: 16
  Game In Progress...
  ..B.
  .+.+
  +...
  ....
->moves(1,4)
  # of chess pieces on board: 16
  Game In Progress...
  ...B
  ..+.
  .+..
  +...
->moves(2,1)
  # of chess pieces on board: 16
  Game In Progress...
  .+..
  B...
  .+..
  ..+.
->moves(2,2)
  # of chess pieces on board: 16
  Game In Progress...
  +.+.
  .B..
  +.+.
  ...+
->moves(2,3)
  # of chess pieces on board: 16
  Game In Progress...
  .+.+
  ..B.
  .+.+
  +...
->moves(2,4)
  # of chess pieces on board: 16
  Game In Progress...
  ..+.
  ...B
  ..+.
  .+..
->moves(3,1)
  # of chess pieces on board: 16
  Game In Progress...
  ..+.
  .+..
  B...
  .+..
->moves(3,2)
  # of chess pieces on board: 16
  Game In Progress...
  ...+
  +.+.
  .B..
  +.+.
->moves(3,3)
  # of chess pieces on board: 16
  Game In Progress...
  +...
  .+.+
  ..B.
  .+.+
->moves(3,4)
  # of chess pieces on board: 16
  Game In Progress...
  .+..
  ..+.
  ...B
  ..+.
->moves(4,1)
  # of chess pieces on board: 16
  Game In Progress...
  ...+
  ..+.
  .+..
  B...
->moves(4,2)
  # of chess pieces on board: 16
  Game In Progress...
  ....
  ...+
  +.+.
  .B..
->moves(4,3)
  # of chess pieces on board: 16
  Game In Progress...
  ....
  +...
  .+.+
  ..B.
->moves(4,4)
  # of chess pieces on board: 16
  Game In Progress...
  +...
  .+..
  ..+.
  ...B
