  # of chess pieces on board: 0
  Game being Setup...
  ....
  ....
  ....
  ....
->setup_chess(P,1,1)
  # of chess pieces on board: 1
  Game being Setup...
  P...
  ....
  ....
  ....
->setup_chess(P,1,3)
  # of chess pieces on board: 2
  Game being Setup...
  P.P.
  ....
  ....
  ....
->setup_chess(P,2,1)
  # of chess pieces on board: 3
  Game being Setup...
  P.P.
  P...
  ....
  ....
->setup_chess(P,2,2)
  # of chess pieces on board: 4
  Game being Setup...
  P.P.
  PP..
  ....
  ....
->setup_chess(B,2,3)
  # of chess pieces on board: 5
  Game being Setup...
  P.P.
  PPB.
  ....
  ....
->setup_chess(P,2,4)
  # of chess pieces on board: 6
  Game being Setup...
  P.P.
  PPBP
  ....
  ....
->setup_chess(P,3,1)
  # of chess pieces on board: 7
  Game being Setup...
  P.P.
  PPBP
  P...
  ....
->setup_chess(P,3,3)
  # of chess pieces on board: 8
  Game being Setup...
  P.P.
  PPBP
  P.P.
  ....
->setup_chess(P,4,2)
  # of chess pieces on board: 9
  Game being Setup...
  P.P.
  PPBP
  P.P.
  .P..
->setup_chess(P,4,3)
  # of chess pieces on board: 10
  Game being Setup...
  P.P.
  PPBP
  P.P.
  .PP.
->setup_chess(P,4,4)
  # of chess pieces on board: 11
  Game being Setup...
  P.P.
  PPBP
  P.P.
  .PPP
->start_game
  # of chess pieces on board: 11
  Game In Progress...
  P.P.
  PPBP
  P.P.
  .PPP
->move_and_capture(2,3,1,1)
  # of chess pieces on board: 11
  Error: Invalid move of B from (2, 3) to (1, 1)
  P.P.
  PPBP
  P.P.
  .PPP
->move_and_capture(2,3,1,2)
  # of chess pieces on board: 11
  Error: Slot @ (1, 2) not occupied
  P.P.
  PPBP
  P.P.
  .PPP
->move_and_capture(2,3,1,3)
  # of chess pieces on board: 11
  Error: Invalid move of B from (2, 3) to (1, 3)
  P.P.
  PPBP
  P.P.
  .PPP
->move_and_capture(2,3,1,4)
  # of chess pieces on board: 11
  Error: Slot @ (1, 4) not occupied
  P.P.
  PPBP
  P.P.
  .PPP
->move_and_capture(2,3,2,1)
  # of chess pieces on board: 11
  Error: Invalid move of B from (2, 3) to (2, 1)
  P.P.
  PPBP
  P.P.
  .PPP
->move_and_capture(2,3,2,2)
  # of chess pieces on board: 11
  Error: Invalid move of B from (2, 3) to (2, 2)
  P.P.
  PPBP
  P.P.
  .PPP
->move_and_capture(2,3,2,3)
  # of chess pieces on board: 11
  Error: Invalid move of B from (2, 3) to (2, 3)
  P.P.
  PPBP
  P.P.
  .PPP
->move_and_capture(2,3,2,4)
  # of chess pieces on board: 11
  Error: Invalid move of B from (2, 3) to (2, 4)
  P.P.
  PPBP
  P.P.
  .PPP
->move_and_capture(2,3,3,1)
  # of chess pieces on board: 11
  Error: Invalid move of B from (2, 3) to (3, 1)
  P.P.
  PPBP
  P.P.
  .PPP
->move_and_capture(2,3,3,2)
  # of chess pieces on board: 11
  Error: Slot @ (3, 2) not occupied
  P.P.
  PPBP
  P.P.
  .PPP
->move_and_capture(2,3,3,3)
  # of chess pieces on board: 11
  Error: Invalid move of B from (2, 3) to (3, 3)
  P.P.
  PPBP
  P.P.
  .PPP
->move_and_capture(2,3,3,4)
  # of chess pieces on board: 11
  Error: Slot @ (3, 4) not occupied
  P.P.
  PPBP
  P.P.
  .PPP
->move_and_capture(2,3,4,1)
  # of chess pieces on board: 11
  Error: Slot @ (4, 1) not occupied
  P.P.
  PPBP
  P.P.
  .PPP
->move_and_capture(2,3,4,2)
  # of chess pieces on board: 11
  Error: Invalid move of B from (2, 3) to (4, 2)
  P.P.
  PPBP
  P.P.
  .PPP
->move_and_capture(2,3,4,3)
  # of chess pieces on board: 11
  Error: Invalid move of B from (2, 3) to (4, 3)
  P.P.
  PPBP
  P.P.
  .PPP
->move_and_capture(2,3,4,4)
  # of chess pieces on board: 11
  Error: Invalid move of B from (2, 3) to (4, 4)
  P.P.
  PPBP
  P.P.
  .PPP
->moves(2,3)
  # of chess pieces on board: 11
  Game In Progress...
  .+.+
  ..B.
  .+.+
  +...
