  # of chess pieces on board: 0
  Game being Setup...
  ....
  ....
  ....
  ....
->setup_chess(N,2,3)
  # of chess pieces on board: 1
  Game being Setup...
  ....
  ..N.
  ....
  ....
->setup_chess(P,1,1)
  # of chess pieces on board: 2
  Game being Setup...
  P...
  ..N.
  ....
  ....
->setup_chess(P,2,2)
  # of chess pieces on board: 3
  Game being Setup...
  P...
  .PN.
  ....
  ....
->setup_chess(R,4,4)
  # of chess pieces on board: 4
  Game being Setup...
  P...
  .PN.
  ....
  ...R
->setup_chess(R,4,2)
  # of chess pieces on board: 5
  Game being Setup...
  P...
  .PN.
  ....
  .R.R
->setup_chess(P,3,1)
  # of chess pieces on board: 6
  Game being Setup...
  P...
  .PN.
  P...
  .R.R
->setup_chess(P,1,3)
  # of chess pieces on board: 7
  Game being Setup...
  P.P.
  .PN.
  P...
  .R.R
->setup_chess(P,3,3)
  # of chess pieces on board: 8
  Game being Setup...
  P.P.
  .PN.
  P.P.
  .R.R
->start_game
  # of chess pieces on board: 8
  Game In Progress...
  P.P.
  .PN.
  P.P.
  .R.R
->move_and_capture(2,2,1,1)
  # of chess pieces on board: 7
  Game In Progress...
  P.P.
  ..N.
  P.P.
  .R.R
->moves(2,3)
  # of chess pieces on board: 7
  Game In Progress...
  +...
  ..N.
  +...
  .+.+
->move_and_capture(4,2,4,4)
  # of chess pieces on board: 6
  Game Over: You Lose!
  P.P.
  ..N.
  P.P.
  ...R
