  # of chess pieces on board: 0
  Game being Setup...
  ....
  ....
  ....
  ....
->setup_chess(K,1,1)
  # of chess pieces on board: 1
  Game being Setup...
  K...
  ....
  ....
  ....
->setup_chess(K,1,2)
  # of chess pieces on board: 2
  Game being Setup...
  KK..
  ....
  ....
  ....
->setup_chess(B,1,3)
  # of chess pieces on board: 3
  Game being Setup...
  KKB.
  ....
  ....
  ....
->setup_chess(Q,1,4)
  # of chess pieces on board: 4
  Game being Setup...
  KKBQ
  ....
  ....
  ....
->setup_chess(P,2,1)
  # of chess pieces on board: 5
  Game being Setup...
  KKBQ
  P...
  ....
  ....
->setup_chess(K,2,2)
  # of chess pieces on board: 6
  Game being Setup...
  KKBQ
  PK..
  ....
  ....
->setup_chess(B,2,3)
  # of chess pieces on board: 7
  Game being Setup...
  KKBQ
  PKB.
  ....
  ....
->setup_chess(Q,2,4)
  # of chess pieces on board: 8
  Game being Setup...
  KKBQ
  PKBQ
  ....
  ....
->setup_chess(P,3,1)
  # of chess pieces on board: 9
  Game being Setup...
  KKBQ
  PKBQ
  P...
  ....
->setup_chess(K,3,2)
  # of chess pieces on board: 10
  Game being Setup...
  KKBQ
  PKBQ
  PK..
  ....
->setup_chess(B,3,3)
  # of chess pieces on board: 11
  Game being Setup...
  KKBQ
  PKBQ
  PKB.
  ....
->setup_chess(Q,3,4)
  # of chess pieces on board: 12
  Game being Setup...
  KKBQ
  PKBQ
  PKBQ
  ....
->setup_chess(R,4,1)
  # of chess pieces on board: 13
  Game being Setup...
  KKBQ
  PKBQ
  PKBQ
  R...
->setup_chess(R,4,2)
  # of chess pieces on board: 14
  Game being Setup...
  KKBQ
  PKBQ
  PKBQ
  RR..
->setup_chess(R,4,3)
  # of chess pieces on board: 15
  Game being Setup...
  KKBQ
  PKBQ
  PKBQ
  RRR.
->setup_chess(R,4,4)
  # of chess pieces on board: 16
  Game being Setup...
  KKBQ
  PKBQ
  PKBQ
  RRRR
->start_game
  # of chess pieces on board: 16
  Game In Progress...
  KKBQ
  PKBQ
  PKBQ
  RRRR
->moves(2,2)
  # of chess pieces on board: 16
  Game In Progress...
  +++.
  +K+.
  +++.
  ....
->move_and_capture(4,4,3,4)
  # of chess pieces on board: 15
  Game In Progress...
  KKBQ
  PKBQ
  PKBR
  RRR.
->move_and_capture(3,4,2,4)
  # of chess pieces on board: 14
  Game In Progress...
  KKBQ
  PKBR
  PKB.
  RRR.
->move_and_capture(2,4,1,4)
  # of chess pieces on board: 13
  Game In Progress...
  KKBR
  PKB.
  PKB.
  RRR.
->move_and_capture(4,3,3,3)
  # of chess pieces on board: 12
  Game In Progress...
  KKBR
  PKB.
  PKR.
  RR..
->move_and_capture(3,3,2,3)
  # of chess pieces on board: 11
  Game In Progress...
  KKBR
  PKR.
  PK..
  RR..
->move_and_capture(2,3,1,3)
  # of chess pieces on board: 10
  Game In Progress...
  KKRR
  PK..
  PK..
  RR..
->move_and_capture(4,2,3,2)
  # of chess pieces on board: 9
  Game In Progress...
  KKRR
  PK..
  PR..
  R...
->move_and_capture(3,2,2,2)
  # of chess pieces on board: 8
  Game In Progress...
  KKRR
  PR..
  P...
  R...
->move_and_capture(2,2,1,2)
  # of chess pieces on board: 7
  Game In Progress...
  KRRR
  P...
  P...
  R...
->move_and_capture(1,1,1,2)
  # of chess pieces on board: 6
  Game In Progress...
  .KRR
  P...
  P...
  R...
->move_and_capture(1,2,1,3)
  # of chess pieces on board: 5
  Game In Progress...
  ..KR
  P...
  P...
  R...
->move_and_capture(1,4,1,3)
  # of chess pieces on board: 4
  Game In Progress...
  ..R.
  P...
  P...
  R...
->move_and_capture(4,1,3,1)
  # of chess pieces on board: 3
  Game In Progress...
  ..R.
  P...
  R...
  ....
->move_and_capture(3,1,2,1)
  # of chess pieces on board: 2
  Game Over: You Lose!
  ..R.
  R...
  ....
  ....
->move_and_capture(2,1,1,1)
  # of chess pieces on board: 2
  Error: Game already over
  ..R.
  R...
  ....
  ....
