  # of chess pieces on board: 0
  Game being Setup...
  ....
  ....
  ....
  ....
->setup_chess(R,1,1)
  # of chess pieces on board: 1
  Game being Setup...
  R...
  ....
  ....
  ....
->setup_chess(Q,1,2)
  # of chess pieces on board: 2
  Game being Setup...
  RQ..
  ....
  ....
  ....
->setup_chess(N,3,2)
  # of chess pieces on board: 3
  Game being Setup...
  RQ..
  ....
  .N..
  ....
->start_game
  # of chess pieces on board: 3
  Game In Progress...
  RQ..
  ....
  .N..
  ....
->move_and_capture(1,2,3,2)
  # of chess pieces on board: 2
  Game Over: You Lose!
  R...
  ....
  .Q..
  ....
->reset_game
  # of chess pieces on board: 0
  Game being Setup...
  ....
  ....
  ....
  ....
->setup_chess(R,1,1)
  # of chess pieces on board: 1
  Game being Setup...
  R...
  ....
  ....
  ....
->setup_chess(Q,2,1)
  # of chess pieces on board: 2
  Game being Setup...
  R...
  Q...
  ....
  ....
->setup_chess(N,3,2)
  # of chess pieces on board: 3
  Game being Setup...
  R...
  Q...
  .N..
  ....
->start_game
  # of chess pieces on board: 3
  Game In Progress...
  R...
  Q...
  .N..
  ....
->move_and_capture(2,1,1,1)
  # of chess pieces on board: 2
  Game In Progress...
  Q...
  ....
  .N..
  ....
->move_and_capture(3,2,1,1)
  # of chess pieces on board: 1
  Game Over: You Win!
  N...
  ....
  ....
  ....
->reset_game
  # of chess pieces on board: 0
  Game being Setup...
  ....
  ....
  ....
  ....
->setup_chess(R,1,1)
  # of chess pieces on board: 1
  Game being Setup...
  R...
  ....
  ....
  ....
->setup_chess(Q,2,1)
  # of chess pieces on board: 2
  Game being Setup...
  R...
  Q...
  ....
  ....
->setup_chess(N,3,2)
  # of chess pieces on board: 3
  Game being Setup...
  R...
  Q...
  .N..
  ....
->start_game
  # of chess pieces on board: 3
  Game In Progress...
  R...
  Q...
  .N..
  ....
->move_and_capture(3,2,1,1)
  # of chess pieces on board: 2
  Game In Progress...
  N...
  Q...
  ....
  ....
->move_and_capture(2,1,1,1)
  # of chess pieces on board: 1
  Game Over: You Win!
  Q...
  ....
  ....
  ....
->reset_game
  # of chess pieces on board: 0
  Game being Setup...
  ....
  ....
  ....
  ....
->setup_chess(N,1,1)
  # of chess pieces on board: 1
  Game being Setup...
  N...
  ....
  ....
  ....
->setup_chess(N,1,2)
  # of chess pieces on board: 2
  Game being Setup...
  NN..
  ....
  ....
  ....
->setup_chess(N,1,3)
  # of chess pieces on board: 3
  Game being Setup...
  NNN.
  ....
  ....
  ....
->setup_chess(N,1,4)
  # of chess pieces on board: 4
  Game being Setup...
  NNNN
  ....
  ....
  ....
->setup_chess(N,2,1)
  # of chess pieces on board: 5
  Game being Setup...
  NNNN
  N...
  ....
  ....
->setup_chess(N,2,2)
  # of chess pieces on board: 6
  Game being Setup...
  NNNN
  NN..
  ....
  ....
->setup_chess(N,2,3)
  # of chess pieces on board: 7
  Game being Setup...
  NNNN
  NNN.
  ....
  ....
->setup_chess(N,2,4)
  # of chess pieces on board: 8
  Game being Setup...
  NNNN
  NNNN
  ....
  ....
->setup_chess(K,4,4)
  # of chess pieces on board: 9
  Game being Setup...
  NNNN
  NNNN
  ....
  ...K
->setup_chess(K,4,3)
  # of chess pieces on board: 10
  Game being Setup...
  NNNN
  NNNN
  ....
  ..KK
->start_game
  # of chess pieces on board: 10
  Game In Progress...
  NNNN
  NNNN
  ....
  ..KK
->move_and_capture(4,4,4,3)
  # of chess pieces on board: 9
  Game In Progress...
  NNNN
  NNNN
  ....
  ..K.
->move_and_capture(2,4,4,3)
  # of chess pieces on board: 8
  Game In Progress...
  NNNN
  NNN.
  ....
  ..N.
->move_and_capture(2,2,4,3)
  # of chess pieces on board: 7
  Game Over: You Lose!
  NNNN
  N.N.
  ....
  ..N.
