  # of chess pieces on board: 0
  Game being Setup...
  ....
  ....
  ....
  ....
->setup_chess(R,1,1)
  # of chess pieces on board: 1
  Game being Setup...
  R...
  ....
  ....
  ....
->setup_chess(R,1,4)
  # of chess pieces on board: 2
  Game being Setup...
  R..R
  ....
  ....
  ....
->setup_chess(R,4,4)
  # of chess pieces on board: 3
  Game being Setup...
  R..R
  ....
  ....
  ...R
->setup_chess(R,4,1)
  # of chess pieces on board: 4
  Game being Setup...
  R..R
  ....
  ....
  R..R
->start_game
  # of chess pieces on board: 4
  Game In Progress...
  R..R
  ....
  ....
  R..R
->move_and_capture(1,1,1,4)
  # of chess pieces on board: 3
  Game In Progress...
  ...R
  ....
  ....
  R..R
->move_and_capture(1,4,4,4)
  # of chess pieces on board: 2
  Game In Progress...
  ....
  ....
  ....
  R..R
->move_and_capture(4,4,4,1)
  # of chess pieces on board: 1
  Game Over: You Win!
  ....
  ....
  ....
  R...
->reset_game
  # of chess pieces on board: 0
  Game being Setup...
  ....
  ....
  ....
  ....
