  # of chess pieces on board: 0
  Game being Setup...
  ....
  ....
  ....
  ....
->setup_chess(N,1,2)
  # of chess pieces on board: 1
  Game being Setup...
  .N..
  ....
  ....
  ....
->setup_chess(R,2,1)
  # of chess pieces on board: 2
  Game being Setup...
  .N..
  R...
  ....
  ....
->setup_chess(R,2,2)
  # of chess pieces on board: 3
  Game being Setup...
  .N..
  RR..
  ....
  ....
->setup_chess(R,2,4)
  # of chess pieces on board: 4
  Game being Setup...
  .N..
  RR.R
  ....
  ....
->setup_chess(Q,3,3)
  # of chess pieces on board: 5
  Game being Setup...
  .N..
  RR.R
  ..Q.
  ....
->start_game
  # of chess pieces on board: 5
  Game In Progress...
  .N..
  RR.R
  ..Q.
  ....
->moves(1,2)
  # of chess pieces on board: 5
  Game In Progress...
  .N..
  ...+
  +.+.
  ....
->move_and_capture(1,2,3,3)
  # of chess pieces on board: 5
  Error: Block exists between (1, 2) and (3, 3)
  .N..
  RR.R
  ..Q.
  ....
->move_and_capture(1,2,2,4)
  # of chess pieces on board: 5
  Error: Block exists between (1, 2) and (2, 4)
  .N..
  RR.R
  ..Q.
  ....
->move_and_capture(2,2,2,1)
  # of chess pieces on board: 4
  Game In Progress...
  .N..
  R..R
  ..Q.
  ....
->move_and_capture(1,2,3,3)
  # of chess pieces on board: 3
  Game In Progress...
  ....
  R..R
  ..N.
  ....
->move_and_capture(3,3,2,1)
  # of chess pieces on board: 2
  Game In Progress...
  ....
  N..R
  ....
  ....
->move_and_capture(2,4,2,1)
  # of chess pieces on board: 1
  Game Over: You Win!
  ....
  R...
  ....
  ....
