  # of chess pieces on board: 0
  Game being Setup...
  ....
  ....
  ....
  ....
->setup_chess(N,1,1)
  # of chess pieces on board: 1
  Game being Setup...
  N...
  ....
  ....
  ....
->setup_chess(N,3,2)
  # of chess pieces on board: 2
  Game being Setup...
  N...
  ....
  .N..
  ....
->start_game
  # of chess pieces on board: 2
  Game In Progress...
  N...
  ....
  .N..
  ....
->moves(1,1)
  # of chess pieces on board: 2
  Game In Progress...
  N...
  ..+.
  .+..
  ....
->reset_game
  # of chess pieces on board: 0
  Game being Setup...
  ....
  ....
  ....
  ....
->setup_chess(N,1,2)
  # of chess pieces on board: 1
  Game being Setup...
  .N..
  ....
  ....
  ....
->setup_chess(N,3,3)
  # of chess pieces on board: 2
  Game being Setup...
  .N..
  ....
  ..N.
  ....
->start_game
  # of chess pieces on board: 2
  Game In Progress...
  .N..
  ....
  ..N.
  ....
->moves(1,2)
  # of chess pieces on board: 2
  Game In Progress...
  .N..
  ...+
  +.+.
  ....
->reset_game
  # of chess pieces on board: 0
  Game being Setup...
  ....
  ....
  ....
  ....
->setup_chess(N,1,3)
  # of chess pieces on board: 1
  Game being Setup...
  ..N.
  ....
  ....
  ....
->setup_chess(N,3,4)
  # of chess pieces on board: 2
  Game being Setup...
  ..N.
  ....
  ...N
  ....
->start_game
  # of chess pieces on board: 2
  Game In Progress...
  ..N.
  ....
  ...N
  ....
->moves(1,3)
  # of chess pieces on board: 2
  Game In Progress...
  ..N.
  +...
  .+.+
  ....
->reset_game
  # of chess pieces on board: 0
  Game being Setup...
  ....
  ....
  ....
  ....
->setup_chess(N,1,4)
  # of chess pieces on board: 1
  Game being Setup...
  ...N
  ....
  ....
  ....
->setup_chess(N,3,3)
  # of chess pieces on board: 2
  Game being Setup...
  ...N
  ....
  ..N.
  ....
->start_game
  # of chess pieces on board: 2
  Game In Progress...
  ...N
  ....
  ..N.
  ....
->moves(1,4)
  # of chess pieces on board: 2
  Game In Progress...
  ...N
  .+..
  ..+.
  ....
->reset_game
  # of chess pieces on board: 0
  Game being Setup...
  ....
  ....
  ....
  ....
->setup_chess(N,2,1)
  # of chess pieces on board: 1
  Game being Setup...
  ....
  N...
  ....
  ....
->setup_chess(N,4,2)
  # of chess pieces on board: 2
  Game being Setup...
  ....
  N...
  ....
  .N..
->start_game
  # of chess pieces on board: 2
  Game In Progress...
  ....
  N...
  ....
  .N..
->moves(2,1)
  # of chess pieces on board: 2
  Game In Progress...
  ..+.
  N...
  ..+.
  .+..
->reset_game
  # of chess pieces on board: 0
  Game being Setup...
  ....
  ....
  ....
  ....
->setup_chess(N,2,2)
  # of chess pieces on board: 1
  Game being Setup...
  ....
  .N..
  ....
  ....
->setup_chess(N,4,3)
  # of chess pieces on board: 2
  Game being Setup...
  ....
  .N..
  ....
  ..N.
->start_game
  # of chess pieces on board: 2
  Game In Progress...
  ....
  .N..
  ....
  ..N.
->moves(2,2)
  # of chess pieces on board: 2
  Game In Progress...
  ...+
  .N..
  ...+
  +.+.
->reset_game
  # of chess pieces on board: 0
  Game being Setup...
  ....
  ....
  ....
  ....
->setup_chess(N,2,3)
  # of chess pieces on board: 1
  Game being Setup...
  ....
  ..N.
  ....
  ....
->setup_chess(N,4,4)
  # of chess pieces on board: 2
  Game being Setup...
  ....
  ..N.
  ....
  ...N
->start_game
  # of chess pieces on board: 2
  Game In Progress...
  ....
  ..N.
  ....
  ...N
->moves(2,3)
  # of chess pieces on board: 2
  Game In Progress...
  +...
  ..N.
  +...
  .+.+
->reset_game
  # of chess pieces on board: 0
  Game being Setup...
  ....
  ....
  ....
  ....
->setup_chess(N,2,4)
  # of chess pieces on board: 1
  Game being Setup...
  ....
  ...N
  ....
  ....
->setup_chess(N,4,3)
  # of chess pieces on board: 2
  Game being Setup...
  ....
  ...N
  ....
  ..N.
->start_game
  # of chess pieces on board: 2
  Game In Progress...
  ....
  ...N
  ....
  ..N.
->moves(2,4)
  # of chess pieces on board: 2
  Game In Progress...
  .+..
  ...N
  .+..
  ..+.
->reset_game
  # of chess pieces on board: 0
  Game being Setup...
  ....
  ....
  ....
  ....
->setup_chess(N,3,1)
  # of chess pieces on board: 1
  Game being Setup...
  ....
  ....
  N...
  ....
->setup_chess(N,4,3)
  # of chess pieces on board: 2
  Game being Setup...
  ....
  ....
  N...
  ..N.
->start_game
  # of chess pieces on board: 2
  Game In Progress...
  ....
  ....
  N...
  ..N.
->moves(3,1)
  # of chess pieces on board: 2
  Game In Progress...
  .+..
  ..+.
  N...
  ..+.
->reset_game
  # of chess pieces on board: 0
  Game being Setup...
  ....
  ....
  ....
  ....
->setup_chess(N,3,2)
  # of chess pieces on board: 1
  Game being Setup...
  ....
  ....
  .N..
  ....
->setup_chess(N,4,4)
  # of chess pieces on board: 2
  Game being Setup...
  ....
  ....
  .N..
  ...N
->start_game
  # of chess pieces on board: 2
  Game In Progress...
  ....
  ....
  .N..
  ...N
->moves(3,2)
  # of chess pieces on board: 2
  Game In Progress...
  +.+.
  ...+
  .N..
  ...+
->reset_game
  # of chess pieces on board: 0
  Game being Setup...
  ....
  ....
  ....
  ....
->setup_chess(N,3,3)
  # of chess pieces on board: 1
  Game being Setup...
  ....
  ....
  ..N.
  ....
->setup_chess(N,4,1)
  # of chess pieces on board: 2
  Game being Setup...
  ....
  ....
  ..N.
  N...
->start_game
  # of chess pieces on board: 2
  Game In Progress...
  ....
  ....
  ..N.
  N...
->moves(3,3)
  # of chess pieces on board: 2
  Game In Progress...
  .+.+
  +...
  ..N.
  +...
->reset_game
  # of chess pieces on board: 0
  Game being Setup...
  ....
  ....
  ....
  ....
->setup_chess(N,3,4)
  # of chess pieces on board: 1
  Game being Setup...
  ....
  ....
  ...N
  ....
->setup_chess(N,4,2)
  # of chess pieces on board: 2
  Game being Setup...
  ....
  ....
  ...N
  .N..
->start_game
  # of chess pieces on board: 2
  Game In Progress...
  ....
  ....
  ...N
  .N..
->moves(3,4)
  # of chess pieces on board: 2
  Game In Progress...
  ..+.
  .+..
  ...N
  .+..
->reset_game
  # of chess pieces on board: 0
  Game being Setup...
  ....
  ....
  ....
  ....
->setup_chess(N,4,1)
  # of chess pieces on board: 1
  Game being Setup...
  ....
  ....
  ....
  N...
->setup_chess(N,2,2)
  # of chess pieces on board: 2
  Game being Setup...
  ....
  .N..
  ....
  N...
->start_game
  # of chess pieces on board: 2
  Game In Progress...
  ....
  .N..
  ....
  N...
->moves(4,1)
  # of chess pieces on board: 2
  Game In Progress...
  ....
  .+..
  ..+.
  N...
->reset_game
  # of chess pieces on board: 0
  Game being Setup...
  ....
  ....
  ....
  ....
->setup_chess(N,4,2)
  # of chess pieces on board: 1
  Game being Setup...
  ....
  ....
  ....
  .N..
->setup_chess(N,2,3)
  # of chess pieces on board: 2
  Game being Setup...
  ....
  ..N.
  ....
  .N..
->start_game
  # of chess pieces on board: 2
  Game In Progress...
  ....
  ..N.
  ....
  .N..
->moves(4,2)
  # of chess pieces on board: 2
  Game In Progress...
  ....
  +.+.
  ...+
  .N..
->reset_game
  # of chess pieces on board: 0
  Game being Setup...
  ....
  ....
  ....
  ....
->setup_chess(N,4,3)
  # of chess pieces on board: 1
  Game being Setup...
  ....
  ....
  ....
  ..N.
->setup_chess(N,2,4)
  # of chess pieces on board: 2
  Game being Setup...
  ....
  ...N
  ....
  ..N.
->start_game
  # of chess pieces on board: 2
  Game In Progress...
  ....
  ...N
  ....
  ..N.
->moves(4,3)
  # of chess pieces on board: 2
  Game In Progress...
  ....
  .+.+
  +...
  ..N.
->reset_game
  # of chess pieces on board: 0
  Game being Setup...
  ....
  ....
  ....
  ....
->setup_chess(N,4,4)
  # of chess pieces on board: 1
  Game being Setup...
  ....
  ....
  ....
  ...N
->setup_chess(N,2,3)
  # of chess pieces on board: 2
  Game being Setup...
  ....
  ..N.
  ....
  ...N
->start_game
  # of chess pieces on board: 2
  Game In Progress...
  ....
  ..N.
  ....
  ...N
->moves(4,4)
  # of chess pieces on board: 2
  Game In Progress...
  ....
  ..+.
  .+..
  ...N
->reset_game
  # of chess pieces on board: 0
  Game being Setup...
  ....
  ....
  ....
  ....
