  # of chess pieces on board: 0
  Game being Setup...
  ....
  ....
  ....
  ....
->setup_chess(P,1,1)
  # of chess pieces on board: 1
  Game being Setup...
  P...
  ....
  ....
  ....
->setup_chess(P,1,2)
  # of chess pieces on board: 2
  Game being Setup...
  PP..
  ....
  ....
  ....
->setup_chess(P,1,4)
  # of chess pieces on board: 3
  Game being Setup...
  PP.P
  ....
  ....
  ....
->setup_chess(R,2,3)
  # of chess pieces on board: 4
  Game being Setup...
  PP.P
  ..R.
  ....
  ....
->setup_chess(P,3,1)
  # of chess pieces on board: 5
  Game being Setup...
  PP.P
  ..R.
  P...
  ....
->setup_chess(P,3,2)
  # of chess pieces on board: 6
  Game being Setup...
  PP.P
  ..R.
  PP..
  ....
->setup_chess(P,3,4)
  # of chess pieces on board: 7
  Game being Setup...
  PP.P
  ..R.
  PP.P
  ....
->setup_chess(P,4,1)
  # of chess pieces on board: 8
  Game being Setup...
  PP.P
  ..R.
  PP.P
  P...
->setup_chess(P,4,2)
  # of chess pieces on board: 9
  Game being Setup...
  PP.P
  ..R.
  PP.P
  PP..
->setup_chess(P,4,4)
  # of chess pieces on board: 10
  Game being Setup...
  PP.P
  ..R.
  PP.P
  PP.P
->start_game
  # of chess pieces on board: 10
  Game In Progress...
  PP.P
  ..R.
  PP.P
  PP.P
->move_and_capture(2,3,1,1)
  # of chess pieces on board: 10
  Error: Invalid move of R from (2, 3) to (1, 1)
  PP.P
  ..R.
  PP.P
  PP.P
->move_and_capture(2,3,1,2)
  # of chess pieces on board: 10
  Error: Invalid move of R from (2, 3) to (1, 2)
  PP.P
  ..R.
  PP.P
  PP.P
->move_and_capture(2,3,1,3)
  # of chess pieces on board: 10
  Error: Slot @ (1, 3) not occupied
  PP.P
  ..R.
  PP.P
  PP.P
->move_and_capture(2,3,1,4)
  # of chess pieces on board: 10
  Error: Invalid move of R from (2, 3) to (1, 4)
  PP.P
  ..R.
  PP.P
  PP.P
->move_and_capture(2,3,2,1)
  # of chess pieces on board: 10
  Error: Slot @ (2, 1) not occupied
  PP.P
  ..R.
  PP.P
  PP.P
->move_and_capture(2,3,2,2)
  # of chess pieces on board: 10
  Error: Slot @ (2, 2) not occupied
  PP.P
  ..R.
  PP.P
  PP.P
->move_and_capture(2,3,2,3)
  # of chess pieces on board: 10
  Error: Invalid move of R from (2, 3) to (2, 3)
  PP.P
  ..R.
  PP.P
  PP.P
->move_and_capture(2,3,2,4)
  # of chess pieces on board: 10
  Error: Slot @ (2, 4) not occupied
  PP.P
  ..R.
  PP.P
  PP.P
->move_and_capture(2,3,3,1)
  # of chess pieces on board: 10
  Error: Invalid move of R from (2, 3) to (3, 1)
  PP.P
  ..R.
  PP.P
  PP.P
->move_and_capture(2,3,3,2)
  # of chess pieces on board: 10
  Error: Invalid move of R from (2, 3) to (3, 2)
  PP.P
  ..R.
  PP.P
  PP.P
->move_and_capture(2,3,3,3)
  # of chess pieces on board: 10
  Error: Slot @ (3, 3) not occupied
  PP.P
  ..R.
  PP.P
  PP.P
->move_and_capture(2,3,3,4)
  # of chess pieces on board: 10
  Error: Invalid move of R from (2, 3) to (3, 4)
  PP.P
  ..R.
  PP.P
  PP.P
->move_and_capture(2,3,4,1)
  # of chess pieces on board: 10
  Error: Invalid move of R from (2, 3) to (4, 1)
  PP.P
  ..R.
  PP.P
  PP.P
->move_and_capture(2,3,4,2)
  # of chess pieces on board: 10
  Error: Invalid move of R from (2, 3) to (4, 2)
  PP.P
  ..R.
  PP.P
  PP.P
->move_and_capture(2,3,4,3)
  # of chess pieces on board: 10
  Error: Slot @ (4, 3) not occupied
  PP.P
  ..R.
  PP.P
  PP.P
->move_and_capture(2,3,4,4)
  # of chess pieces on board: 10
  Error: Invalid move of R from (2, 3) to (4, 4)
  PP.P
  ..R.
  PP.P
  PP.P
->moves(2,3)
  # of chess pieces on board: 10
  Game In Progress...
  ..+.
  ++R+
  ..+.
  ..+.
