  # of chess pieces on board: 0
  Game being Setup...
  ....
  ....
  ....
  ....
->setup_chess(N,2,1)
  # of chess pieces on board: 1
  Game being Setup...
  ....
  N...
  ....
  ....
->setup_chess(R,1,4)
  # of chess pieces on board: 2
  Game being Setup...
  ...R
  N...
  ....
  ....
->setup_chess(P,3,4)
  # of chess pieces on board: 3
  Game being Setup...
  ...R
  N...
  ...P
  ....
->setup_chess(B,4,3)
  # of chess pieces on board: 4
  Game being Setup...
  ...R
  N...
  ...P
  ..B.
->setup_chess(Q,3,2)
  # of chess pieces on board: 5
  Game being Setup...
  ...R
  N...
  .Q.P
  ..B.
->move_and_capture(5,1,0,4)
  # of chess pieces on board: 5
  Error: Game not yet started
  ...R
  N...
  .Q.P
  ..B.
->start_game
  # of chess pieces on board: 5
  Game In Progress...
  ...R
  N...
  .Q.P
  ..B.
->move_and_capture(5,1,0,4)
  # of chess pieces on board: 5
  Error: (5, 1) not a valid slot
  ...R
  N...
  .Q.P
  ..B.
->move_and_capture(4,2,0,4)
  # of chess pieces on board: 5
  Error: (0, 4) not a valid slot
  ...R
  N...
  .Q.P
  ..B.
->move_and_capture(4,2,1,3)
  # of chess pieces on board: 5
  Error: Slot @ (4, 2) not occupied
  ...R
  N...
  .Q.P
  ..B.
->move_and_capture(4,3,1,3)
  # of chess pieces on board: 5
  Error: Slot @ (1, 3) not occupied
  ...R
  N...
  .Q.P
  ..B.
->move_and_capture(4,3,1,4)
  # of chess pieces on board: 5
  Error: Invalid move of B from (4, 3) to (1, 4)
  ...R
  N...
  .Q.P
  ..B.
->move_and_capture(4,3,2,1)
  # of chess pieces on board: 5
  Error: Block exists between (4, 3) and (2, 1)
  ...R
  N...
  .Q.P
  ..B.
