  # of chess pieces on board: 0
  Game being Setup...
  ....
  ....
  ....
  ....
->setup_chess(N,1,2)
  # of chess pieces on board: 1
  Game being Setup...
  .N..
  ....
  ....
  ....
->start_game
  # of chess pieces on board: 1
  Game Over: You Win!
  .N..
  ....
  ....
  ....
->moves(1,2)
  # of chess pieces on board: 1
  Error: Game already over
  .N..
  ....
  ....
  ....
