  # of chess pieces on board: 0
  Game being Setup...
  ....
  ....
  ....
  ....
->setup_chess(N,2,1)
  # of chess pieces on board: 1
  Game being Setup...
  ....
  N...
  ....
  ....
->setup_chess(R,1,4)
  # of chess pieces on board: 2
  Game being Setup...
  ...R
  N...
  ....
  ....
->setup_chess(P,3,4)
  # of chess pieces on board: 3
  Game being Setup...
  ...R
  N...
  ...P
  ....
->setup_chess(Q,1,4)
  # of chess pieces on board: 3
  Error: Slot @ (1, 4) already occupied
  ...R
  N...
  ...P
  ....
->setup_chess(B,5,3)
  # of chess pieces on board: 3
  Error: (5, 3) not a valid slot
  ...R
  N...
  ...P
  ....
->setup_chess(B,0,3)
  # of chess pieces on board: 3
  Error: (0, 3) not a valid slot
  ...R
  N...
  ...P
  ....
->setup_chess(B,4,3)
  # of chess pieces on board: 4
  Game being Setup...
  ...R
  N...
  ...P
  ..B.
->move_and_capture(4,3,2,1)
  # of chess pieces on board: 4
  Error: Game not yet started
  ...R
  N...
  ...P
  ..B.
->moves(2,1)
  # of chess pieces on board: 4
  Error: Game not yet started
  ...R
  N...
  ...P
  ..B.
->reset_game
  # of chess pieces on board: 4
  Error: Game not yet started
  ...R
  N...
  ...P
  ..B.
->start_game
  # of chess pieces on board: 4
  Game In Progress...
  ...R
  N...
  ...P
  ..B.
->setup_chess(Q,2,2)
  # of chess pieces on board: 4
  Error: Game already started
  ...R
  N...
  ...P
  ..B.
->start_game
  # of chess pieces on board: 4
  Error: Game already started
  ...R
  N...
  ...P
  ..B.
