  # of chess pieces on board: 0
  Game being Setup...
  ....
  ....
  ....
  ....
->setup_chess(N,2,1)
  # of chess pieces on board: 1
  Game being Setup...
  ....
  N...
  ....
  ....
->setup_chess(R,1,4)
  # of chess pieces on board: 2
  Game being Setup...
  ...R
  N...
  ....
  ....
->setup_chess(P,3,4)
  # of chess pieces on board: 3
  Game being Setup...
  ...R
  N...
  ...P
  ....
->setup_chess(B,4,3)
  # of chess pieces on board: 4
  Game being Setup...
  ...R
  N...
  ...P
  ..B.
->moves(5,1)
  # of chess pieces on board: 4
  Error: Game not yet started
  ...R
  N...
  ...P
  ..B.
->start_game
  # of chess pieces on board: 4
  Game In Progress...
  ...R
  N...
  ...P
  ..B.
->moves(5,1)
  # of chess pieces on board: 4
  Error: (5, 1) not a valid slot
  ...R
  N...
  ...P
  ..B.
->moves(4,0)
  # of chess pieces on board: 4
  Error: (4, 0) not a valid slot
  ...R
  N...
  ...P
  ..B.
->moves(2,2)
  # of chess pieces on board: 4
  Error: Slot @ (2, 2) not occupied
  ...R
  N...
  ...P
  ..B.
