  # of chess pieces on board: 0
  Game being Setup...
  ....
  ....
  ....
  ....
->setup_chess(N,2,1)
  # of chess pieces on board: 1
  Game being Setup...
  ....
  N...
  ....
  ....
->setup_chess(R,1,4)
  # of chess pieces on board: 2
  Game being Setup...
  ...R
  N...
  ....
  ....
->setup_chess(P,2,4)
  # of chess pieces on board: 3
  Game being Setup...
  ...R
  N..P
  ....
  ....
->setup_chess(B,4,3)
  # of chess pieces on board: 4
  Game being Setup...
  ...R
  N..P
  ....
  ..B.
->start_game
  # of chess pieces on board: 4
  Game In Progress...
  ...R
  N..P
  ....
  ..B.
->moves(4,3)
  # of chess pieces on board: 4
  Game In Progress...
  ....
  +...
  .+.+
  ..B.
->move_and_capture(4,3,2,1)
  # of chess pieces on board: 3
  Game In Progress...
  ...R
  B..P
  ....
  ....
->moves(1,4)
  # of chess pieces on board: 3
  Game In Progress...
  +++R
  ...+
  ...+
  ...+
->move_and_capture(1,4,2,4)
  # of chess pieces on board: 2
  Game In Progress...
  ....
  B..R
  ....
  ....
->moves(2,4)
  # of chess pieces on board: 2
  Game In Progress...
  ...+
  +++R
  ...+
  ...+
->move_and_capture(2,4,2,1)
  # of chess pieces on board: 1
  Game Over: You Win!
  ....
  R...
  ....
  ....
->moves(2,1)
  # of chess pieces on board: 1
  Error: Game already over
  ....
  R...
  ....
  ....
->move_and_capture(2,1,3,3)
  # of chess pieces on board: 1
  Error: Game already over
  ....
  R...
  ....
  ....
